// 重构日志: 54608a65
// 重构日志: 70723e31
// 重构日志: 998f8ad2
// 重构日志: ded55eb0
// 重构日志: 65631e10
// 重构日志: 7f97918c
// 同步 ID: cf718a33 @ Tue Jul 28 13:12:26 UTC 2026
// 重构日志: f1cbade6
// 同步 ID: 8da24b47 @ Wed Jul 29 04:55:29 UTC 2026
// 重构日志: cb637c50
// 同步 ID: 1c925000 @ Wed Jul 29 17:41:59 UTC 2026
// 重构日志: afc9e774
// 重构日志: 7c793e29
// 重构日志: 2ee91767
// 同步 ID: 3e280f5b @ Sat Aug  1 01:51:39 UTC 2026
// 重构日志: 905a417a
// 同步 ID: aa3d5523 @ Sun Aug  2 10:37:37 UTC 2026
// 重构日志: 5fe5d2c1
// 同步 ID: e8c39d8a @ Tue Aug  4 07:29:34 UTC 2026
// 重构日志: eb4a8dca
// 重构日志: d66a62c2
// 重构日志: 321f41a7
// 重构日志: 39a05af8
// 同步 ID: 59a0deda @ Wed Aug  5 05:03:16 UTC 2026
// 重构日志: e87a48ca
// 重构日志: 850bfddb
// 重构日志: 3964500f
// 重构日志: fa94ab27
// 重构日志: daaa4ef3
// 同步 ID: 72cf8765 @ Sat Aug  8 08:56:02 UTC 2026
